[2025-09-11 11:56:29,409] INFO     {datahub.cli.ingest_cli:151} - DataHub CLI version: 1.2.0.6
[2025-09-11 11:56:29,550] INFO     {datahub.ingestion.run.pipeline:225} - Sink configured successfully. DataHubRestEmitter: configured to talk to https://dgov-prod-awsuse1-1.edbcorp.net/api/gms with token: eyJh**********hRHg
[2025-09-11 11:56:31,097] INFO     {datahub.ingestion.run.pipeline:254} - Source configured successfully.
[2025-09-11 11:56:31,148] INFO     {datahub.cli.ingest_cli:132} - Starting metadata ingestion
/home/profiles/krishna.vishwakarma/.local/lib/python3.10/site-packages/great_expectations/util.py:55: UserWarning: pkg_resources is deprecated as an API. See https://setuptools.pypa.io/en/latest/pkg_resources.html. The pkg_resources package is slated for removal as early as 2025-11-30. Refrain from using this package or pin to Setuptools<81.
  from pkg_resources import Distribution
[2025-09-11 11:56:34,224] WARNING  {py.warnings:109} - /home/profiles/krishna.vishwakarma/.local/lib/python3.10/site-packages/datahub/ingestion/source/sql/postgres.py:296: RemovedIn20Warning: Deprecated API features detected! These feature(s) are not compatible with SQLAlchemy 2.0. To prevent incompatible upgrades prior to updating applications, ensure requirements files are pinned to "sqlalchemy<2.0". Set environment variable SQLALCHEMY_WARN_20=1 to show all deprecation warnings.  Set environment variable SQLALCHEMY_SILENCE_UBER_WARNING=1 to silence this message. (Background on SQLAlchemy 2.0 at: https://sqlalche.me/e/b8d9)
  for row in conn.execute(

[2025-09-11 11:56:50,749] INFO     {datahub.ingestion.source.ge_data_profiler:1220} - Will profile 66 table(s) with 40 worker(s) - this may take a while
[2025-09-11 11:56:50,798] INFO     {datahub.ingestion.source.ge_data_profiler:1403} - Profiling edb_admin.reporting.sf_billto
[2025-09-11 11:56:50,806] WARNING  {py.warnings:109} - /home/profiles/krishna.vishwakarma/.local/lib/python3.10/site-packages/great_expectations/data_context/data_context/abstract_data_context.py:2705: DeprecationWarning: create_expectation_suite is deprecated as of v0.15.48 and will be removed in v0.18. Please use add_expectation_suite or add_or_update_expectation_suite instead.
  warnings.warn(

[2025-09-11 11:56:50,852] INFO     {datahub.ingestion.source.ge_data_profiler:1403} - Profiling edb_admin.reporting.w_user_portal
[2025-09-11 11:56:50,887] INFO     {datahub.ingestion.source.ge_data_profiler:1403} - Profiling edb_admin.reporting.campaign
[2025-09-11 11:56:50,889] INFO     {datahub.ingestion.source.ge_data_profiler:1403} - Profiling edb_admin.reporting.w_lead
[2025-09-11 11:56:50,924] INFO     {datahub.ingestion.source.ge_data_profiler:1403} - Profiling edb_admin.reporting.account_field_history
[2025-09-11 11:56:50,947] INFO     {datahub.ingestion.source.ge_data_profiler:1403} - Profiling edb_admin.reporting.w_task
[2025-09-11 11:56:50,953] INFO     {datahub.ingestion.source.ge_data_profiler:1403} - Profiling edb_admin.reporting.opportunityclose_history
[2025-09-11 11:56:50,960] WARNING  {py.warnings:109} - /home/profiles/krishna.vishwakarma/.local/lib/python3.10/site-packages/datahub/utilities/sqlalchemy_query_combiner.py:332: SADeprecationWarning: The Select.append_from() method is deprecated and will be removed in a future release.  Use the generative method Select.select_from(). (deprecated since: 1.4)
  combined_query.append_from(cte)

[2025-09-11 11:56:51,026] INFO     {datahub.ingestion.source.ge_data_profiler:1403} - Profiling edb_admin.reporting.leadhistory
[2025-09-11 11:56:51,076] INFO     {datahub.ingestion.source.ge_data_profiler:1403} - Profiling edb_admin.reporting.contact_history
[2025-09-11 11:56:51,167] INFO     {datahub.ingestion.source.ge_data_profiler:1403} - Profiling edb_admin.reporting.w_contact
[2025-09-11 11:56:51,267] INFO     {datahub.ingestion.source.ge_data_profiler:1403} - Profiling edb_admin.reporting.w_user
[2025-09-11 11:56:51,464] INFO     {datahub.ingestion.source.ge_data_profiler:1403} - Profiling edb_admin.reporting.clari_user
[2025-09-11 11:56:51,738] INFO     {datahub.ingestion.source.ge_data_profiler:1425} - Finished profiling edb_admin.reporting.w_lead; took 0.849 seconds
[2025-09-11 11:56:51,863] INFO     {datahub.ingestion.source.ge_data_profiler:1425} - Finished profiling edb_admin.reporting.w_user; took 0.596 seconds
[2025-09-11 11:56:52,107] INFO     {datahub.ingestion.source.ge_data_profiler:1403} - Profiling edb_admin.reporting.w_account
[2025-09-11 11:56:52,147] INFO     {datahub.ingestion.source.ge_data_profiler:1403} - Profiling edb_admin.reporting.clari_arr
[2025-09-11 11:56:52,242] INFO     {datahub.ingestion.source.ge_data_profiler:1425} - Finished profiling edb_admin.reporting.clari_user; took 0.778 seconds
[2025-09-11 11:56:52,312] INFO     {datahub.ingestion.source.ge_data_profiler:1403} - Profiling edb_admin.reporting.leads
[2025-09-11 11:56:52,779] INFO     {datahub.ingestion.source.ge_data_profiler:1425} - Finished profiling edb_admin.reporting.clari_arr; took 0.633 seconds
[2025-09-11 11:56:52,921] INFO     {datahub.ingestion.source.ge_data_profiler:1425} - Finished profiling edb_admin.reporting.w_account; took 0.815 seconds
[2025-09-11 11:56:53,127] INFO     {datahub.ingestion.source.ge_data_profiler:1403} - Profiling edb_admin.reporting.w_workbench
[2025-09-11 11:56:53,199] INFO     {datahub.ingestion.source.ge_data_profiler:1403} - Profiling edb_admin.reporting.contract
[2025-09-11 11:56:53,271] INFO     {datahub.ingestion.source.ge_data_profiler:1403} - Profiling edb_admin.reporting.website_transactions
[2025-09-11 11:56:53,607] INFO     {datahub.ingestion.source.ge_data_profiler:1403} - Profiling edb_admin.reporting.repositories_csmith_logs
[2025-09-11 11:56:53,755] INFO     {datahub.ingestion.source.ge_data_profiler:1403} - Profiling edb_admin.reporting.opportunityfieldhistory
[2025-09-11 11:56:53,927] INFO     {datahub.ingestion.source.ge_data_profiler:1425} - Finished profiling edb_admin.reporting.w_workbench; took 0.801 seconds
[2025-09-11 11:56:53,966] INFO     {datahub.ingestion.source.ge_data_profiler:1403} - Profiling edb_admin.reporting.leads_history
[2025-09-11 11:56:53,973] INFO     {datahub.ingestion.source.ge_data_profiler:1403} - Profiling edb_admin.reporting.clari_churn
[2025-09-11 11:56:53,991] INFO     {datahub.ingestion.source.ge_data_profiler:1403} - Profiling edb_admin.reporting.casehistory
[2025-09-11 11:56:54,013] INFO     {datahub.ingestion.source.ge_data_profiler:1403} - Profiling edb_admin.reporting.w_contract
[2025-09-11 11:56:54,021] INFO     {datahub.ingestion.source.ge_data_profiler:1403} - Profiling edb_admin.reporting.dealdeskhistory
[2025-09-11 11:56:54,026] INFO     {datahub.ingestion.source.ge_data_profiler:1403} - Profiling edb_admin.reporting.seg_goals
[2025-09-11 11:56:54,032] INFO     {datahub.ingestion.source.ge_data_profiler:1403} - Profiling edb_admin.reporting.cases_bi
[2025-09-11 11:56:54,040] INFO     {datahub.ingestion.source.ge_data_profiler:1403} - Profiling edb_admin.reporting.w_opportunitylineitem
[2025-09-11 11:56:54,049] INFO     {datahub.ingestion.source.ge_data_profiler:1403} - Profiling edb_admin.reporting.campaignmember_history
[2025-09-11 11:56:54,055] INFO     {datahub.ingestion.source.ge_data_profiler:1403} - Profiling edb_admin.reporting.accounthistory
[2025-09-11 11:56:54,072] INFO     {datahub.ingestion.source.ge_data_profiler:1403} - Profiling edb_admin.reporting.quota
[2025-09-11 11:56:54,083] INFO     {datahub.ingestion.source.ge_data_profiler:1403} - Profiling edb_admin.reporting.contacthistory
[2025-09-11 11:56:54,098] INFO     {datahub.ingestion.source.ge_data_profiler:1403} - Profiling edb_admin.reporting.contact
[2025-09-11 11:56:54,107] INFO     {datahub.ingestion.source.ge_data_profiler:1403} - Profiling edb_admin.reporting.legal
[2025-09-11 11:56:54,119] INFO     {datahub.ingestion.source.ge_data_profiler:1403} - Profiling edb_admin.reporting.surveys
[2025-09-11 11:56:54,127] INFO     {datahub.ingestion.source.ge_data_profiler:1403} - Profiling edb_admin.reporting.clari_services
[2025-09-11 11:56:54,144] INFO     {datahub.ingestion.source.ge_data_profiler:1403} - Profiling edb_admin.reporting.w_campaignmember
[2025-09-11 11:56:54,204] INFO     {datahub.ingestion.source.ge_data_profiler:1403} - Profiling edb_admin.reporting.opportunity_contact_role
[2025-09-11 11:56:54,210] INFO     {datahub.ingestion.source.ge_data_profiler:1403} - Profiling edb_admin.reporting.opplineitem_goals
[2025-09-11 11:56:54,219] INFO     {datahub.ingestion.source.ge_data_profiler:1403} - Profiling edb_admin.reporting.casecomment
[2025-09-11 11:56:54,223] INFO     {datahub.ingestion.source.ge_data_profiler:1403} - Profiling edb_admin.reporting.repositories_repo2_logs
[2025-09-11 11:56:54,230] INFO     {datahub.ingestion.source.ge_data_profiler:1403} - Profiling edb_admin.reporting.campaignmember
[2025-09-11 11:56:54,235] INFO     {datahub.ingestion.source.ge_data_profiler:1403} - Profiling edb_admin.reporting.task
[2025-09-11 11:56:54,245] INFO     {datahub.ingestion.source.ge_data_profiler:1403} - Profiling edb_admin.reporting.campaignmember_
[2025-09-11 11:56:54,257] INFO     {datahub.ingestion.source.ge_data_profiler:1403} - Profiling edb_admin.reporting.opportunityclose
[2025-09-11 11:56:54,270] INFO     {datahub.ingestion.source.ge_data_profiler:1403} - Profiling edb_admin.reporting.marketingtouch
[2025-09-11 11:56:54,753] INFO     {datahub.ingestion.source.ge_data_profiler:1425} - Finished profiling edb_admin.reporting.w_task; took 3.805 seconds
[2025-09-11 11:56:54,879] INFO     {datahub.ingestion.source.ge_data_profiler:1403} - Profiling edb_admin.reporting.event
[2025-09-11 11:56:54,934] INFO     {datahub.ingestion.source.ge_data_profiler:1425} - Finished profiling edb_admin.reporting.clari_churn; took 0.961 seconds
[2025-09-11 11:56:55,224] INFO     {datahub.ingestion.source.ge_data_profiler:1425} - Finished profiling edb_admin.reporting.w_contract; took 1.211 seconds
[2025-09-11 11:56:55,295] INFO     {datahub.ingestion.source.ge_data_profiler:1425} - Finished profiling edb_admin.reporting.w_campaignmember; took 1.151 seconds
[2025-09-11 11:56:55,299] INFO     {datahub.ingestion.source.ge_data_profiler:1403} - Profiling edb_admin.reporting.leads_history_
[2025-09-11 11:56:55,301] INFO     {datahub.ingestion.source.ge_data_profiler:1425} - Finished profiling edb_admin.reporting.w_opportunitylineitem; took 1.261 seconds
[2025-09-11 11:56:55,346] INFO     {datahub.ingestion.source.ge_data_profiler:1425} - Finished profiling edb_admin.reporting.clari_services; took 1.220 seconds
[2025-09-11 11:56:55,467] INFO     {datahub.ingestion.source.ge_data_profiler:1403} - Profiling edb_admin.reporting.w_surveys
[2025-09-11 11:56:55,543] INFO     {datahub.ingestion.source.ge_data_profiler:1403} - Profiling edb_admin.reporting.pricebookentry
[2025-09-11 11:56:55,604] INFO     {datahub.ingestion.source.ge_data_profiler:1425} - Finished profiling edb_admin.reporting.seg_goals; took 1.578 seconds
[2025-09-11 11:56:55,609] INFO     {datahub.ingestion.source.ge_data_profiler:1403} - Profiling edb_admin.reporting.product_goals
[2025-09-11 11:56:55,803] INFO     {datahub.ingestion.source.ge_data_profiler:1403} - Profiling edb_admin.reporting.repositories_apache_logs
[2025-09-11 11:56:55,924] INFO     {datahub.ingestion.source.ge_data_profiler:1403} - Profiling edb_admin.reporting.user
[2025-09-11 11:56:56,191] INFO     {datahub.ingestion.source.ge_data_profiler:1425} - Finished profiling edb_admin.reporting.dealdeskhistory; took 2.170 seconds
[2025-09-11 11:56:56,280] INFO     {datahub.ingestion.source.ge_data_profiler:1403} - Profiling edb_admin.reporting.product_type_goals
[2025-09-11 11:56:56,949] WARNING  {great_expectations.dataset.sqlalchemy_dataset:1437} - Having issue with stddev_samp on nps__c, schema: reporting table: w_surveys
[2025-09-11 11:56:57,421] INFO     {datahub.ingestion.source.ge_data_profiler:1425} - Finished profiling edb_admin.reporting.product_goals; took 1.812 seconds
[2025-09-11 11:56:57,565] INFO     {datahub.ingestion.source.ge_data_profiler:1425} - Finished profiling edb_admin.reporting.w_surveys; took 2.098 seconds
[2025-09-11 11:56:57,737] INFO     {datahub.ingestion.source.ge_data_profiler:1403} - Profiling edb_admin.reporting.contracthistory
[2025-09-11 11:56:57,834] INFO     {datahub.ingestion.source.ge_data_profiler:1403} - Profiling edb_admin.reporting.dealdesk
[2025-09-11 11:56:57,850] INFO     {datahub.ingestion.source.ge_data_profiler:1425} - Finished profiling edb_admin.reporting.product_type_goals; took 1.569 seconds
[2025-09-11 11:56:57,860] INFO     {datahub.ingestion.source.ge_data_profiler:1425} - Finished profiling edb_admin.reporting.marketingtouch; took 3.589 seconds
[2025-09-11 11:56:57,897] INFO     {datahub.ingestion.source.ge_data_profiler:1403} - Profiling edb_admin.reporting.w_opportunityclose
[2025-09-11 11:56:57,995] INFO     {datahub.ingestion.source.ge_data_profiler:1403} - Profiling edb_admin.reporting.cases
[2025-09-11 11:56:58,295] INFO     {datahub.ingestion.source.ge_data_profiler:1425} - Finished profiling edb_admin.reporting.casecomment; took 4.076 seconds
[2025-09-11 11:56:58,453] INFO     {datahub.ingestion.source.ge_data_profiler:1403} - Profiling edb_admin.reporting.opportunityhistory
[2025-09-11 11:56:58,792] INFO     {datahub.ingestion.source.ge_data_profiler:1425} - Finished profiling edb_admin.reporting.legal; took 4.685 seconds
[2025-09-11 11:56:58,979] INFO     {datahub.ingestion.source.ge_data_profiler:1403} - Profiling edb_admin.reporting.product
[2025-09-11 11:56:59,459] INFO     {datahub.ingestion.source.ge_data_profiler:1425} - Finished profiling edb_admin.reporting.w_opportunityclose; took 1.562 seconds
[2025-09-11 11:56:59,680] INFO     {datahub.ingestion.source.ge_data_profiler:1403} - Profiling edb_admin.reporting.invoice
[2025-09-11 11:57:00,125] INFO     {datahub.ingestion.source.ge_data_profiler:1425} - Finished profiling edb_admin.reporting.pricebookentry; took 4.582 seconds
[2025-09-11 11:57:00,159] INFO     {datahub.ingestion.source.ge_data_profiler:1403} - Profiling edb_admin.reporting.payment
[2025-09-11 11:57:01,906] INFO     {datahub.ingestion.source.ge_data_profiler:1425} - Finished profiling edb_admin.reporting.user; took 5.982 seconds
[2025-09-11 11:57:01,961] INFO     {datahub.ingestion.source.ge_data_profiler:1403} - Profiling edb_admin.reporting.account
[2025-09-11 11:57:02,128] INFO     {datahub.ingestion.source.ge_data_profiler:1425} - Finished profiling edb_admin.reporting.surveys; took 8.009 seconds
[2025-09-11 11:57:02,200] INFO     {datahub.ingestion.source.ge_data_profiler:1403} - Profiling edb_admin.reporting.opplineitem
[2025-09-11 11:57:07,010] WARNING  {great_expectations.util:1524} - Using lossy conversion for decimal 61.5104074649010712 to float object to support serialization.
[2025-09-11 11:57:07,015] WARNING  {great_expectations.util:1524} - Using lossy conversion for decimal 2.4466145833333333 to float object to support serialization.
[2025-09-11 11:57:07,020] WARNING  {great_expectations.util:1524} - Using lossy conversion for decimal 2614.5421464762782128 to float object to support serialization.
[2025-09-11 11:57:07,037] WARNING  {great_expectations.util:1524} - Using lossy conversion for decimal 32.7591052631578947 to float object to support serialization.
[2025-09-11 11:57:07,066] INFO     {datahub.ingestion.source.ge_data_profiler:1425} - Finished profiling edb_admin.reporting.w_contact; took 15.899 seconds
[2025-09-11 11:57:07,118] INFO     {datahub.ingestion.source.ge_data_profiler:1425} - Finished profiling edb_admin.reporting.campaignmember_history; took 13.069 seconds
[2025-09-11 11:57:07,127] WARNING  {great_expectations.util:1524} - Using lossy conversion for decimal 42361.292064933897 to float object to support serialization.
[2025-09-11 11:57:07,214] WARNING  {great_expectations.util:1524} - Using lossy conversion for decimal 455.5559649930907416 to float object to support serialization.
[2025-09-11 11:57:07,217] INFO     {datahub.ingestion.source.ge_data_profiler:1403} - Profiling edb_admin.reporting.clari_opportunity
[2025-09-11 11:57:07,223] INFO     {datahub.ingestion.source.ge_data_profiler:1403} - Profiling edb_admin.reporting.clari_forecasts
[2025-09-11 11:57:07,302] INFO     {datahub.ingestion.source.ge_data_profiler:1425} - Finished profiling edb_admin.reporting.payment; took 7.143 seconds
[2025-09-11 11:57:07,351] WARNING  {great_expectations.util:1524} - Using lossy conversion for decimal -20.1493789473684211 to float object to support serialization.
[2025-09-11 11:57:07,517] INFO     {datahub.ingestion.source.ge_data_profiler:1425} - Finished profiling edb_admin.reporting.sf_billto; took 16.719 seconds
[2025-09-11 11:57:07,572] WARNING  {great_expectations.dataset.sqlalchemy_dataset:1437} - Having issue with stddev_samp on numberofquantityinstallments, schema: reporting table: product
[2025-09-11 11:57:07,861] WARNING  {great_expectations.util:1524} - Using lossy conversion for decimal 296953.272897218453 to float object to support serialization.
[2025-09-11 11:57:07,937] WARNING  {great_expectations.util:1524} - Using lossy conversion for decimal 1582545.201966091031 to float object to support serialization.
[2025-09-11 11:57:07,942] WARNING  {great_expectations.util:1524} - Using lossy conversion for decimal 2643879.631708604336 to float object to support serialization.
[2025-09-11 11:57:07,959] WARNING  {great_expectations.util:1524} - Using lossy conversion for decimal 154771.317851959361 to float object to support serialization.
[2025-09-11 11:57:08,073] INFO     {datahub.ingestion.source.ge_data_profiler:1425} - Finished profiling edb_admin.reporting.product; took 9.094 seconds
[2025-09-11 11:57:08,088] WARNING  {great_expectations.util:1524} - Using lossy conversion for decimal 1431655.797651570513 to float object to support serialization.
[2025-09-11 11:57:08,089] WARNING  {great_expectations.util:1524} - Using lossy conversion for decimal 0.79155455415300546448 to float object to support serialization.
[2025-09-11 11:57:08,094] WARNING  {great_expectations.util:1524} - Using lossy conversion for decimal 718468.790888157051 to float object to support serialization.
[2025-09-11 11:57:08,108] WARNING  {great_expectations.util:1524} - Using lossy conversion for decimal 60987.673952641166 to float object to support serialization.
[2025-09-11 11:57:08,117] INFO     {datahub.ingestion.source.ge_data_profiler:1425} - Finished profiling edb_admin.reporting.quota; took 14.044 seconds
[2025-09-11 11:57:08,120] WARNING  {great_expectations.util:1524} - Using lossy conversion for decimal -86.0085015940488842 to float object to support serialization.
[2025-09-11 11:57:08,241] WARNING  {great_expectations.dataset.sqlalchemy_dataset:1437} - Having issue with stddev_samp on mtattribution, schema: reporting table: campaign
[2025-09-11 11:57:08,268] WARNING  {great_expectations.dataset.sqlalchemy_dataset:1437} - Having issue with stddev_samp on ftattribution, schema: reporting table: campaign
[2025-09-11 11:57:08,320] WARNING  {great_expectations.util:1524} - Using lossy conversion for decimal 236.9793091655266758 to float object to support serialization.
[2025-09-11 11:57:08,322] WARNING  {great_expectations.util:1524} - Using lossy conversion for decimal 59.0595075239398085 to float object to support serialization.
[2025-09-11 11:57:08,445] INFO     {datahub.ingestion.source.ge_data_profiler:1425} - Finished profiling edb_admin.reporting.w_user_portal; took 17.593 seconds
[2025-09-11 11:57:09,693] WARNING  {great_expectations.dataset.sqlalchemy_dataset:1437} - Having issue with stddev_samp on actualcost, schema: reporting table: campaign
[2025-09-11 11:57:09,726] WARNING  {great_expectations.dataset.sqlalchemy_dataset:1437} - Having issue with stddev_samp on expansion_budget__c, schema: reporting table: campaign
[2025-09-11 11:57:09,773] WARNING  {great_expectations.dataset.sqlalchemy_dataset:1437} - Having issue with stddev_samp on landing_budget__c, schema: reporting table: campaign
[2025-09-11 11:57:09,773] WARNING  {great_expectations.dataset.sqlalchemy_dataset:1437} - Having issue with stddev_samp on expectedrevenue, schema: reporting table: campaign
[2025-09-11 11:57:09,775] WARNING  {great_expectations.util:1524} - Using lossy conversion for decimal 0.00309331500257776250 to float object to support serialization.
[2025-09-11 11:57:09,788] WARNING  {great_expectations.util:1524} - Using lossy conversion for decimal 618.5660085836909871 to float object to support serialization.
[2025-09-11 11:57:09,992] WARNING  {great_expectations.util:1524} - Using lossy conversion for decimal 232.5212017167381974 to float object to support serialization.
[2025-09-11 11:57:10,013] WARNING  {great_expectations.util:1524} - Using lossy conversion for decimal 1.9084978540772532 to float object to support serialization.
[2025-09-11 11:57:10,014] INFO     {datahub.ingestion.source.ge_data_profiler:1425} - Finished profiling edb_admin.reporting.campaign; took 19.127 seconds
[2025-09-11 11:57:13,096] WARNING  {great_expectations.util:1524} - Using lossy conversion for decimal 41791.690972941854 to float object to support serialization.
[2025-09-11 11:57:13,098] WARNING  {great_expectations.util:1524} - Using lossy conversion for decimal 30.5778469489634111 to float object to support serialization.
[2025-09-11 11:57:13,107] WARNING  {great_expectations.util:1524} - Using lossy conversion for decimal 9148.4585714285714286 to float object to support serialization.
[2025-09-11 11:57:13,196] WARNING  {great_expectations.dataset.sqlalchemy_dataset:1437} - Having issue with stddev_samp on original_invoice_amount_usd__c, schema: reporting table: invoice
[2025-09-11 11:57:13,260] WARNING  {great_expectations.util:1524} - Using lossy conversion for decimal 41709.688611221824 to float object to support serialization.
[2025-09-11 11:57:13,999] WARNING  {great_expectations.util:1524} - Using lossy conversion for decimal 1246.1960112483946681 to float object to support serialization.
[2025-09-11 11:57:14,015] INFO     {datahub.ingestion.source.ge_data_profiler:1425} - Finished profiling edb_admin.reporting.invoice; took 14.335 seconds
[2025-09-11 11:57:19,482] INFO     {datahub.ingestion.source.ge_data_profiler:1425} - Finished profiling edb_admin.reporting.contracthistory; took 21.744 seconds
[2025-09-11 11:57:30,787] INFO     {datahub.ingestion.source.ge_data_profiler:1425} - Finished profiling edb_admin.reporting.repositories_csmith_logs; took 37.180 seconds
[2025-09-11 11:57:32,583] INFO     {datahub.ingestion.source.ge_data_profiler:1425} - Finished profiling edb_admin.reporting.leads_history_; took 37.284 seconds
[2025-09-11 11:57:34,485] WARNING  {great_expectations.util:1524} - Using lossy conversion for decimal 86986.162453531599 to float object to support serialization.
[2025-09-11 11:57:34,650] WARNING  {great_expectations.util:1524} - Using lossy conversion for decimal 4707.6923076923076923 to float object to support serialization.
[2025-09-11 11:57:35,147] INFO     {datahub.ingestion.source.ge_data_profiler:1425} - Finished profiling edb_admin.reporting.leads_history; took 41.181 seconds
[2025-09-11 11:57:35,325] INFO     {datahub.ingestion.source.ge_data_profiler:1425} - Finished profiling edb_admin.reporting.clari_opportunity; took 28.107 seconds
[2025-09-11 11:57:36,074] WARNING  {great_expectations.util:1524} - Using lossy conversion for decimal 2299.7333333333333333 to float object to support serialization.
[2025-09-11 11:57:36,118] WARNING  {great_expectations.util:1524} - Using lossy conversion for decimal 51050.351296296296 to float object to support serialization.
[2025-09-11 11:57:36,174] WARNING  {great_expectations.util:1524} - Using lossy conversion for decimal 17.0909090909090909 to float object to support serialization.
[2025-09-11 11:57:37,791] WARNING  {great_expectations.util:1524} - Using lossy conversion for decimal 116712.292786756453 to float object to support serialization.
[2025-09-11 11:57:37,793] WARNING  {great_expectations.util:1524} - Using lossy conversion for decimal 93672.427582491582 to float object to support serialization.
[2025-09-11 11:57:37,926] WARNING  {great_expectations.util:1524} - Using lossy conversion for decimal 33427.784303030303 to float object to support serialization.
[2025-09-11 11:57:37,948] WARNING  {great_expectations.util:1524} - Using lossy conversion for decimal -30.2188529741863075 to float object to support serialization.
[2025-09-11 11:57:37,949] WARNING  {great_expectations.util:1524} - Using lossy conversion for decimal 36043.642814814815 to float object to support serialization.
[2025-09-11 11:57:38,610] INFO     {datahub.ingestion.source.ge_data_profiler:1425} - Finished profiling edb_admin.reporting.opportunity_contact_role; took 44.406 seconds
[2025-09-11 11:57:39,581] WARNING  {great_expectations.util:1524} - Using lossy conversion for decimal 0.21088664421997755331 to float object to support serialization.
[2025-09-11 11:57:39,609] WARNING  {great_expectations.util:1524} - Using lossy conversion for decimal -3021.8885578002244669 to float object to support serialization.
[2025-09-11 11:57:39,652] WARNING  {great_expectations.util:1524} - Using lossy conversion for decimal 5093.6485712682379349 to float object to support serialization.
[2025-09-11 11:57:41,784] WARNING  {great_expectations.util:1524} - Using lossy conversion for decimal 0.16442199775533108866 to float object to support serialization.
[2025-09-11 11:57:41,785] WARNING  {great_expectations.util:1524} - Using lossy conversion for decimal 0.15207631874298540965 to float object to support serialization.
[2025-09-11 11:57:41,786] WARNING  {great_expectations.util:1524} - Using lossy conversion for decimal 0.25151515151515151515 to float object to support serialization.
[2025-09-11 11:57:41,822] WARNING  {great_expectations.util:1524} - Using lossy conversion for decimal 0.50987654320987654321 to float object to support serialization.
[2025-09-11 11:57:41,871] INFO     {datahub.ingestion.source.ge_data_profiler:1425} - Finished profiling edb_admin.reporting.dealdesk; took 44.038 seconds
[2025-09-11 11:58:49,848] WARNING  {great_expectations.util:1524} - Using lossy conversion for decimal 7.7907854693940445 to float object to support serialization.
[2025-09-11 11:58:50,035] INFO     {datahub.ingestion.source.ge_data_profiler:1425} - Finished profiling edb_admin.reporting.clari_forecasts; took 102.812 seconds
[2025-09-11 11:58:55,900] WARNING  {great_expectations.util:1524} - Using lossy conversion for decimal 9.1928702010968921 to float object to support serialization.
[2025-09-11 11:58:56,008] WARNING  {great_expectations.util:1524} - Using lossy conversion for decimal 10.6155487082246978 to float object to support serialization.
[2025-09-11 11:58:56,010] WARNING  {great_expectations.util:1524} - Using lossy conversion for decimal 1068.0948587936325278 to float object to support serialization.
[2025-09-11 11:58:56,176] INFO     {datahub.ingestion.source.ge_data_profiler:1425} - Finished profiling edb_admin.reporting.opportunityfieldhistory; took 122.421 seconds
[2025-09-11 11:59:15,961] WARNING  {great_expectations.util:1524} - Using lossy conversion for decimal 4.3120148133065235 to float object to support serialization.
[2025-09-11 11:59:16,100] WARNING  {great_expectations.util:1524} - Using lossy conversion for decimal 0.42780141843971631206 to float object to support serialization.
[2025-09-11 11:59:16,473] INFO     {datahub.ingestion.source.ge_data_profiler:1425} - Finished profiling edb_admin.reporting.account_field_history; took 145.549 seconds
[2025-09-11 11:59:45,190] INFO     {datahub.ingestion.source.ge_data_profiler:1425} - Finished profiling edb_admin.reporting.accounthistory; took 171.136 seconds
[2025-09-11 11:59:49,129] WARNING  {great_expectations.util:1524} - Using lossy conversion for decimal 274650546.1687439065 to float object to support serialization.
[2025-09-11 11:59:49,151] WARNING  {great_expectations.util:1524} - Using lossy conversion for decimal 95600687.7868571619738403486 to float object to support serialization.
[2025-09-11 11:59:49,154] WARNING  {great_expectations.util:1524} - Using lossy conversion for decimal 43.8452828682077694 to float object to support serialization.
[2025-09-11 11:59:49,200] INFO     {datahub.ingestion.source.ge_data_profiler:1425} - Finished profiling edb_admin.reporting.opportunityhistory; took 170.747 seconds
[2025-09-11 12:00:13,664] WARNING  {great_expectations.util:1524} - Using lossy conversion for decimal 89.9962920619225659 to float object to support serialization.
[2025-09-11 12:00:13,754] WARNING  {great_expectations.util:1524} - Using lossy conversion for decimal 12.9833216411324085 to float object to support serialization.
[2025-09-11 12:01:36,799] INFO     {datahub.ingestion.source.ge_data_profiler:1425} - Finished profiling edb_admin.reporting.opportunityclose_history; took 285.845 seconds

Cli report:
{'cli_version': '1.2.0.6',
 'cli_entry_location': '/home/profiles/krishna.vishwakarma/.local/lib/python3.10/site-packages/datahub/ingestion/run/pipeline.py',
 'models_version': 'bundled',
 'py_version': '3.10.12 (main, Aug 15 2025, 14:32:43) [GCC 11.4.0]',
 'py_exec_path': '/usr/bin/python3',
 'os_details': 'Linux-6.8.0-1031-aws-x86_64-with-glibc2.35',
 'mem_info': '468.58 MB',
 'peak_memory_usage': '468.58 MB',
 'disk_info': {'total': '16.46 GB', 'used': '8.87 GB', 'used_initally': '8.87 GB', 'free': '7.57 GB'},
 'peak_disk_usage': '8.87 GB',
 'thread_count': 46,
 'peak_thread_count': 46}
Source (postgres) report:
{'profiling_skipped_not_updated': {},
 'profiling_skipped_size_limit': {},
 'profiling_skipped_row_limit': {},
 'profiling_skipped_table_profile_pattern': {},
 'profiling_skipped_other': {},
 'num_tables_not_eligible_profiling': {},
 'num_tables_fetch_sample_values_failed': 0,
 'num_tables_classification_attempted': 0,
 'num_tables_classification_failed': 0,
 'num_tables_classification_found': 0,
 'info_types_detected': {},
 'aspects': {'container': {'containerProperties': 3, 'status': 3, 'dataPlatformInstance': 3, 'subTypes': 3, 'browsePathsV2': 3, 'container': 2},
             'dataFlow': {'dataFlowInfo': 1, 'subTypes': 1, 'container': 1, 'browsePathsV2': 1},
             'dataJob': {'dataJobInfo': 1, 'subTypes': 1, 'container': 1, 'dataTransformLogic': 1, 'browsePathsV2': 1},
             'dataset': {'container': 74,
                         'status': 74,
                         'datasetProperties': 74,
                         'schemaMetadata': 74,
                         'subTypes': 74,
                         'browsePathsV2': 74,
                         'datasetProfile': 3,
                         'viewProperties': 8}},
 'aspects_by_subtypes_full_count': {'container': {'Database': {'containerProperties': 1,
                                                               'status': 1,
                                                               'dataPlatformInstance': 1,
                                                               'subTypes': 1,
                                                               'browsePathsV2': 1},
                                                  'Schema': {'container': 2,
                                                             'containerProperties': 2,
                                                             'status': 2,
                                                             'dataPlatformInstance': 2,
                                                             'subTypes': 2,
                                                             'browsePathsV2': 2}},
                                    'dataFlow': {'Procedures Container': {'dataFlowInfo': 1, 'subTypes': 1, 'container': 1, 'browsePathsV2': 1}},
                                    'dataJob': {'Stored Procedure': {'dataJobInfo': 1,
                                                                     'subTypes': 1,
                                                                     'container': 1,
                                                                     'dataTransformLogic': 1,
                                                                     'browsePathsV2': 1}},
                                    'dataset': {'Table': {'container': 66,
                                                          'status': 66,
                                                          'datasetProperties': 66,
                                                          'schemaMetadata': 66,
                                                          'subTypes': 66,
                                                          'browsePathsV2': 66,
                                                          'datasetProfile': 3},
                                                'View': {'container': 8,
                                                         'status': 8,
                                                         'datasetProperties': 8,
                                                         'schemaMetadata': 8,
                                                         'subTypes': 8,
                                                         'viewProperties': 8,
                                                         'browsePathsV2': 8}}},
 'samples': {'profiling': {'Table': ['urn:li:dataset:(urn:li:dataPlatform:postgres,edb_admin.reporting.sf_billto,PROD)',
                                     'urn:li:dataset:(urn:li:dataPlatform:postgres,edb_admin.reporting.w_user_portal,PROD)',
                                     'urn:li:dataset:(urn:li:dataPlatform:postgres,edb_admin.reporting.campaign,PROD)']}},
 'event_not_produced_warn': True,
 'events_produced': 333,
 'events_produced_per_sec': 1,
 'soft_deleted_stale_entities': [],
 'last_state_non_deletable_entities': [],
 'tables_scanned': 66,
 'views_scanned': 8,
 'entities_profiled': 66,
 'filtered': ['boomi_staging.*',
              'data_analytics.*',
              'data_analytics_base.*',
              'data_analytics_dash.*',
              'jira.*',
              'metronome.*',
              'model_staging.*',
              'rai.*',
              'rdba_metrics.*',
              'showpad.*',
              '... sampled of 32 total elements'],
 'num_view_definitions_parsed': 0,
 'num_view_definitions_view_urn_mismatch': 0,
 'num_view_definitions_failed_parsing': 0,
 'num_view_definitions_failed_column_parsing': 0,
 'view_definitions_parsing_failures': [],
 'sql_aggregator': {'num_observed_queries': 0,
                    'num_observed_queries_failed': 0,
                    'num_observed_queries_column_timeout': 0,
                    'num_observed_queries_column_failed': 0,
                    'observed_query_parse_failures': [],
                    'num_view_definitions': 8,
                    'num_views_failed': 0,
                    'num_views_column_timeout': 0,
                    'num_views_column_failed': 0,
                    'views_parse_failures': {},
                    'num_sql_parsed': 0,
                    'sql_parsing_timer': None,
                    'sql_fingerprinting_timer': None,
                    'sql_formatting_timer': None,
                    'sql_parsing_cache_stats': {'hits': 0, 'misses': 0, 'maxsize': 1000, 'currsize': 0},
                    'parse_statement_cache_stats': {'hits': 0, 'misses': 0, 'maxsize': 1000, 'currsize': 0},
                    'format_query_cache_stats': {'hits': 0, 'misses': 0, 'maxsize': 1000, 'currsize': 0},
                    'num_known_query_lineage': 0,
                    'num_preparsed_queries': 0,
                    'num_known_mapping_lineage': 0,
                    'num_table_renames': 0,
                    'num_table_swaps': 0,
                    'num_temp_sessions': 0,
                    'num_inferred_temp_schemas': 0,
                    'num_queries_with_temp_tables_in_session': 0,
                    'queries_with_temp_upstreams': {},
                    'queries_with_non_authoritative_session': [],
                    'make_schema_resolver_timer': None,
                    'schema_resolver_count': 74,
                    'num_unique_query_fingerprints': 0,
                    'num_urns_with_lineage': 0,
                    'num_lineage_skipped_due_to_filters': 0,
                    'num_table_lineage_trimmed_due_to_large_size': 0,
                    'num_column_lineage_trimmed_due_to_large_size': 0,
                    'num_queries_entities_generated': 0,
                    'num_queries_skipped_due_to_filters': 0,
                    'usage_skipped_missing_timestamp': 0,
                    'num_query_usage_stats_generated': 0,
                    'num_query_usage_stats_outside_window': 0,
                    'num_operations_generated': 0,
                    'num_operations_skipped_due_to_filters': 0,
                    'tool_meta_report': {'num_queries_meta_extracted': {}, 'failures': [], 'looker_user_mapping_missing': True}},
 'start_time': '2025-09-11 11:56:30.667803 (5 minutes and 6.16 seconds ago)',
 'running_time': '5 minutes and 6.15 seconds',
 'failures': [],
 'warnings': [{'title': 'Profiling: Unable to Calculate Medians',
               'message': 'The medians for the column will not be accessible',
               'context': ["edb_admin.reporting.product.numberofquantityinstallments <class 'IndexError'>: list index out of range"]}],
 'infos': []}

Aspects by Subtypes:
+----------------------+------------------------+----------------------+-----------------------------------+------------------------------+-------------------+------------------+
| Aspect               |   container (Database) |   container (Schema) |   dataFlow (Procedures Container) |   dataJob (Stored Procedure) |   dataset (Table) |   dataset (View) |
+======================+========================+======================+===================================+==============================+===================+==================+
| browsePathsV2        |                      1 |                    2 |                                 1 |                            1 |                66 |                8 |
+----------------------+------------------------+----------------------+-----------------------------------+------------------------------+-------------------+------------------+
| container            |                      0 |                    2 |                                 1 |                            1 |                66 |                8 |
+----------------------+------------------------+----------------------+-----------------------------------+------------------------------+-------------------+------------------+
| containerProperties  |                      1 |                    2 |                                 0 |                            0 |                 0 |                0 |
+----------------------+------------------------+----------------------+-----------------------------------+------------------------------+-------------------+------------------+
| dataFlowInfo         |                      0 |                    0 |                                 1 |                            0 |                 0 |                0 |
+----------------------+------------------------+----------------------+-----------------------------------+------------------------------+-------------------+------------------+
| dataJobInfo          |                      0 |                    0 |                                 0 |                            1 |                 0 |                0 |
+----------------------+------------------------+----------------------+-----------------------------------+------------------------------+-------------------+------------------+
| dataPlatformInstance |                      1 |                    2 |                                 0 |                            0 |                 0 |                0 |
+----------------------+------------------------+----------------------+-----------------------------------+------------------------------+-------------------+------------------+
| dataTransformLogic   |                      0 |                    0 |                                 0 |                            1 |                 0 |                0 |
+----------------------+------------------------+----------------------+-----------------------------------+------------------------------+-------------------+------------------+
| datasetProfile       |                      0 |                    0 |                                 0 |                            0 |                 3 |                0 |
+----------------------+------------------------+----------------------+-----------------------------------+------------------------------+-------------------+------------------+
| datasetProperties    |                      0 |                    0 |                                 0 |                            0 |                66 |                8 |
+----------------------+------------------------+----------------------+-----------------------------------+------------------------------+-------------------+------------------+
| schemaMetadata       |                      0 |                    0 |                                 0 |                            0 |                66 |                8 |
+----------------------+------------------------+----------------------+-----------------------------------+------------------------------+-------------------+------------------+
| status               |                      1 |                    2 |                                 0 |                            0 |                66 |                8 |
+----------------------+------------------------+----------------------+-----------------------------------+------------------------------+-------------------+------------------+
| subTypes             |                      1 |                    2 |                                 1 |                            1 |                66 |                8 |
+----------------------+------------------------+----------------------+-----------------------------------+------------------------------+-------------------+------------------+
| viewProperties       |                      0 |                    0 |                                 0 |                            0 |                 0 |                8 |
+----------------------+------------------------+----------------------+-----------------------------------+------------------------------+-------------------+------------------+
Sink (datahub-rest) report:
{'total_records_written': 333,
 'records_written_per_second': 1,
 'warnings': [],
 'failures': [],
 'start_time': '2025-09-11 11:56:29.448323 (5 minutes and 7.38 seconds ago)',
 'current_time': '2025-09-11 12:01:36.831814 (now)',
 'total_duration_in_seconds': 307.38,
 'mode': 'ASYNC_BATCH',
 'endpoint': 'RESTLI',
 'max_threads': 15,
 'gms_version': 'v1.0.0rc3',
 'pending_requests': 0,
 'async_batches_prepared': 4,
 'async_batches_split': 0,
 'main_thread_blocking_timer': '0.012 seconds'}

⏳ Pipeline running with at least 1 warnings so far; produced 333 events in 5 minutes and 6.15 seconds.
[2025-09-11 12:03:20,553] WARNING  {great_expectations.util:1524} - Using lossy conversion for decimal 2709811.035067344122 to float object to support serialization.
[2025-09-11 12:03:20,623] WARNING  {great_expectations.util:1524} - Using lossy conversion for decimal 2018.4724100775193798 to float object to support serialization.
[2025-09-11 12:03:20,631] WARNING  {great_expectations.util:1524} - Using lossy conversion for decimal 19.2014620155038760 to float object to support serialization.
[2025-09-11 12:03:20,658] WARNING  {great_expectations.util:1524} - Using lossy conversion for decimal 2147760.743177131783 to float object to support serialization.
[2025-09-11 12:03:20,658] INFO     {datahub.ingestion.source.ge_data_profiler:1425} - Finished profiling edb_admin.reporting.website_transactions; took 387.388 seconds
[2025-09-11 12:03:25,701] INFO     {datahub.ingestion.source.ge_data_profiler:1425} - Finished profiling edb_admin.reporting.casehistory; took 391.711 seconds
[2025-09-11 12:03:33,763] WARNING  {great_expectations.util:1524} - Using lossy conversion for decimal 3261.4007687339825730 to float object to support serialization.
[2025-09-11 12:03:33,763] INFO     {datahub.ingestion.source.ge_data_profiler:1425} - Finished profiling edb_admin.reporting.contract; took 400.564 seconds
[2025-09-11 12:04:24,748] WARNING  {great_expectations.util:1524} - Using lossy conversion for decimal 50.7184193257320974 to float object to support serialization.
[2025-09-11 12:04:24,776] WARNING  {great_expectations.util:1524} - Using lossy conversion for decimal 3.8034560778711217 to float object to support serialization.
[2025-09-11 12:04:24,787] WARNING  {great_expectations.util:1524} - Using lossy conversion for decimal 0.98255555631506633947 to float object to support serialization.
[2025-09-11 12:05:33,691] INFO     {datahub.ingestion.source.ge_data_profiler:1425} - Finished profiling edb_admin.reporting.cases; took 515.696 seconds
[2025-09-11 12:05:49,503] INFO     {datahub.ingestion.source.ge_data_profiler:1425} - Finished profiling edb_admin.reporting.event; took 534.624 seconds
[2025-09-11 12:10:09,071] INFO     {datahub.ingestion.source.ge_data_profiler:1425} - Finished profiling edb_admin.reporting.cases_bi; took 795.039 seconds
[2025-09-11 12:13:31,726] INFO     {datahub.ingestion.source.ge_data_profiler:1425} - Finished profiling edb_admin.reporting.repositories_repo2_logs; took 997.503 seconds
[2025-09-11 12:13:35,763] INFO     {datahub.ingestion.source.ge_data_profiler:1425} - Finished profiling edb_admin.reporting.leadhistory; took 1004.752 seconds

Cli report:
{'cli_version': '1.2.0.6',
 'cli_entry_location': '/home/profiles/krishna.vishwakarma/.local/lib/python3.10/site-packages/datahub/ingestion/run/pipeline.py',
 'models_version': 'bundled',
 'py_version': '3.10.12 (main, Aug 15 2025, 14:32:43) [GCC 11.4.0]',
 'py_exec_path': '/usr/bin/python3',
 'os_details': 'Linux-6.8.0-1031-aws-x86_64-with-glibc2.35',
 'mem_info': '474.09 MB',
 'peak_memory_usage': '474.09 MB',
 'disk_info': {'total': '16.46 GB', 'used': '8.87 GB', 'used_initally': '8.87 GB', 'free': '7.57 GB'},
 'peak_disk_usage': '8.87 GB',
 'thread_count': 46,
 'peak_thread_count': 46}
Source (postgres) report:
{'profiling_skipped_not_updated': {},
 'profiling_skipped_size_limit': {},
 'profiling_skipped_row_limit': {},
 'profiling_skipped_table_profile_pattern': {},
 'profiling_skipped_other': {},
 'num_tables_not_eligible_profiling': {},
 'num_tables_fetch_sample_values_failed': 0,
 'num_tables_classification_attempted': 0,
 'num_tables_classification_failed': 0,
 'num_tables_classification_found': 0,
 'info_types_detected': {},
 'aspects': {'container': {'containerProperties': 3, 'status': 3, 'dataPlatformInstance': 3, 'subTypes': 3, 'browsePathsV2': 3, 'container': 2},
             'dataFlow': {'dataFlowInfo': 1, 'subTypes': 1, 'container': 1, 'browsePathsV2': 1},
             'dataJob': {'dataJobInfo': 1, 'subTypes': 1, 'container': 1, 'dataTransformLogic': 1, 'browsePathsV2': 1},
             'dataset': {'container': 74,
                         'status': 74,
                         'datasetProperties': 74,
                         'schemaMetadata': 74,
                         'subTypes': 74,
                         'browsePathsV2': 74,
                         'datasetProfile': 5,
                         'viewProperties': 8}},
 'aspects_by_subtypes_full_count': {'container': {'Database': {'containerProperties': 1,
                                                               'status': 1,
                                                               'dataPlatformInstance': 1,
                                                               'subTypes': 1,
                                                               'browsePathsV2': 1},
                                                  'Schema': {'container': 2,
                                                             'containerProperties': 2,
                                                             'status': 2,
                                                             'dataPlatformInstance': 2,
                                                             'subTypes': 2,
                                                             'browsePathsV2': 2}},
                                    'dataFlow': {'Procedures Container': {'dataFlowInfo': 1, 'subTypes': 1, 'container': 1, 'browsePathsV2': 1}},
                                    'dataJob': {'Stored Procedure': {'dataJobInfo': 1,
                                                                     'subTypes': 1,
                                                                     'container': 1,
                                                                     'dataTransformLogic': 1,
                                                                     'browsePathsV2': 1}},
                                    'dataset': {'Table': {'container': 66,
                                                          'status': 66,
                                                          'datasetProperties': 66,
                                                          'schemaMetadata': 66,
                                                          'subTypes': 66,
                                                          'browsePathsV2': 66,
                                                          'datasetProfile': 5},
                                                'View': {'container': 8,
                                                         'status': 8,
                                                         'datasetProperties': 8,
                                                         'schemaMetadata': 8,
                                                         'subTypes': 8,
                                                         'viewProperties': 8,
                                                         'browsePathsV2': 8}}},
 'samples': {'profiling': {'Table': ['urn:li:dataset:(urn:li:dataPlatform:postgres,edb_admin.reporting.opportunityclose_history,PROD)',
                                     'urn:li:dataset:(urn:li:dataPlatform:postgres,edb_admin.reporting.account_field_history,PROD)',
                                     'urn:li:dataset:(urn:li:dataPlatform:postgres,edb_admin.reporting.sf_billto,PROD)',
                                     'urn:li:dataset:(urn:li:dataPlatform:postgres,edb_admin.reporting.w_user_portal,PROD)',
                                     'urn:li:dataset:(urn:li:dataPlatform:postgres,edb_admin.reporting.campaign,PROD)']}},
 'event_not_produced_warn': True,
 'events_produced': 335,
 'events_produced_per_sec': 0,
 'soft_deleted_stale_entities': [],
 'last_state_non_deletable_entities': [],
 'tables_scanned': 66,
 'views_scanned': 8,
 'entities_profiled': 66,
 'filtered': ['boomi_staging.*',
              'data_analytics.*',
              'data_analytics_base.*',
              'data_analytics_dash.*',
              'jira.*',
              'metronome.*',
              'model_staging.*',
              'rai.*',
              'rdba_metrics.*',
              'showpad.*',
              '... sampled of 32 total elements'],
 'num_view_definitions_parsed': 0,
 'num_view_definitions_view_urn_mismatch': 0,
 'num_view_definitions_failed_parsing': 0,
 'num_view_definitions_failed_column_parsing': 0,
 'view_definitions_parsing_failures': [],
 'sql_aggregator': {'num_observed_queries': 0,
                    'num_observed_queries_failed': 0,
                    'num_observed_queries_column_timeout': 0,
                    'num_observed_queries_column_failed': 0,
                    'observed_query_parse_failures': [],
                    'num_view_definitions': 8,
                    'num_views_failed': 0,
                    'num_views_column_timeout': 0,
                    'num_views_column_failed': 0,
                    'views_parse_failures': {},
                    'num_sql_parsed': 0,
                    'sql_parsing_timer': None,
                    'sql_fingerprinting_timer': None,
                    'sql_formatting_timer': None,
                    'sql_parsing_cache_stats': {'hits': 0, 'misses': 0, 'maxsize': 1000, 'currsize': 0},
                    'parse_statement_cache_stats': {'hits': 0, 'misses': 0, 'maxsize': 1000, 'currsize': 0},
                    'format_query_cache_stats': {'hits': 0, 'misses': 0, 'maxsize': 1000, 'currsize': 0},
                    'num_known_query_lineage': 0,
                    'num_preparsed_queries': 0,
                    'num_known_mapping_lineage': 0,
                    'num_table_renames': 0,
                    'num_table_swaps': 0,
                    'num_temp_sessions': 0,
                    'num_inferred_temp_schemas': 0,
                    'num_queries_with_temp_tables_in_session': 0,
                    'queries_with_temp_upstreams': {},
                    'queries_with_non_authoritative_session': [],
                    'make_schema_resolver_timer': None,
                    'schema_resolver_count': 74,
                    'num_unique_query_fingerprints': 0,
                    'num_urns_with_lineage': 0,
                    'num_lineage_skipped_due_to_filters': 0,
                    'num_table_lineage_trimmed_due_to_large_size': 0,
                    'num_column_lineage_trimmed_due_to_large_size': 0,
                    'num_queries_entities_generated': 0,
                    'num_queries_skipped_due_to_filters': 0,
                    'usage_skipped_missing_timestamp': 0,
                    'num_query_usage_stats_generated': 0,
                    'num_query_usage_stats_outside_window': 0,
                    'num_operations_generated': 0,
                    'num_operations_skipped_due_to_filters': 0,
                    'tool_meta_report': {'num_queries_meta_extracted': {}, 'failures': [], 'looker_user_mapping_missing': True}},
 'start_time': '2025-09-11 11:56:30.667803 (17 minutes and 5.11 seconds ago)',
 'running_time': '17 minutes and 5.1 seconds',
 'failures': [],
 'warnings': [{'title': 'Profiling: Unable to Calculate Medians',
               'message': 'The medians for the column will not be accessible',
               'context': ["edb_admin.reporting.product.numberofquantityinstallments <class 'IndexError'>: list index out of range"]}],
 'infos': []}

Aspects by Subtypes:
+----------------------+------------------------+----------------------+-----------------------------------+------------------------------+-------------------+------------------+
| Aspect               |   container (Database) |   container (Schema) |   dataFlow (Procedures Container) |   dataJob (Stored Procedure) |   dataset (Table) |   dataset (View) |
+======================+========================+======================+===================================+==============================+===================+==================+
| browsePathsV2        |                      1 |                    2 |                                 1 |                            1 |                66 |                8 |
+----------------------+------------------------+----------------------+-----------------------------------+------------------------------+-------------------+------------------+
| container            |                      0 |                    2 |                                 1 |                            1 |                66 |                8 |
+----------------------+------------------------+----------------------+-----------------------------------+------------------------------+-------------------+------------------+
| containerProperties  |                      1 |                    2 |                                 0 |                            0 |                 0 |                0 |
+----------------------+------------------------+----------------------+-----------------------------------+------------------------------+-------------------+------------------+
| dataFlowInfo         |                      0 |                    0 |                                 1 |                            0 |                 0 |                0 |
+----------------------+------------------------+----------------------+-----------------------------------+------------------------------+-------------------+------------------+
| dataJobInfo          |                      0 |                    0 |                                 0 |                            1 |                 0 |                0 |
+----------------------+------------------------+----------------------+-----------------------------------+------------------------------+-------------------+------------------+
| dataPlatformInstance |                      1 |                    2 |                                 0 |                            0 |                 0 |                0 |
+----------------------+------------------------+----------------------+-----------------------------------+------------------------------+-------------------+------------------+
| dataTransformLogic   |                      0 |                    0 |                                 0 |                            1 |                 0 |                0 |
+----------------------+------------------------+----------------------+-----------------------------------+------------------------------+-------------------+------------------+
| datasetProfile       |                      0 |                    0 |                                 0 |                            0 |                 5 |                0 |
+----------------------+------------------------+----------------------+-----------------------------------+------------------------------+-------------------+------------------+
| datasetProperties    |                      0 |                    0 |                                 0 |                            0 |                66 |                8 |
+----------------------+------------------------+----------------------+-----------------------------------+------------------------------+-------------------+------------------+
| schemaMetadata       |                      0 |                    0 |                                 0 |                            0 |                66 |                8 |
+----------------------+------------------------+----------------------+-----------------------------------+------------------------------+-------------------+------------------+
| status               |                      1 |                    2 |                                 0 |                            0 |                66 |                8 |
+----------------------+------------------------+----------------------+-----------------------------------+------------------------------+-------------------+------------------+
| subTypes             |                      1 |                    2 |                                 1 |                            1 |                66 |                8 |
+----------------------+------------------------+----------------------+-----------------------------------+------------------------------+-------------------+------------------+
| viewProperties       |                      0 |                    0 |                                 0 |                            0 |                 0 |                8 |
+----------------------+------------------------+----------------------+-----------------------------------+------------------------------+-------------------+------------------+
Sink (datahub-rest) report:
{'total_records_written': 335,
 'records_written_per_second': 0,
 'warnings': [],
 'failures': [],
 'start_time': '2025-09-11 11:56:29.448323 (17 minutes and 6.33 seconds ago)',
 'current_time': '2025-09-11 12:13:35.778293 (now)',
 'total_duration_in_seconds': 1026.33,
 'mode': 'ASYNC_BATCH',
 'endpoint': 'RESTLI',
 'max_threads': 15,
 'gms_version': 'v1.0.0rc3',
 'pending_requests': 0,
 'async_batches_prepared': 6,
 'async_batches_split': 0,
 'main_thread_blocking_timer': '0.012 seconds'}

⏳ Pipeline running with at least 1 warnings so far; produced 335 events in 17 minutes and 5.1 seconds.
[2025-09-11 12:22:02,392] WARNING  {great_expectations.util:1524} - Using lossy conversion for decimal 15299.112032022604 to float object to support serialization.
[2025-09-11 12:23:18,420] WARNING  {great_expectations.dataset.sqlalchemy_dataset:1437} - Having issue with stddev_samp on contacts_at_first_mqa__c, schema: reporting table: account
[2025-09-11 12:23:20,763] WARNING  {great_expectations.dataset.sqlalchemy_dataset:1437} - Having issue with stddev_samp on contacts_at_most_recent_mqa__c, schema: reporting table: account
[2025-09-11 12:24:47,941] WARNING  {great_expectations.util:1524} - Using lossy conversion for decimal 9.0617858435448012 to float object to support serialization.
[2025-09-11 12:24:48,851] WARNING  {great_expectations.util:1524} - Using lossy conversion for decimal 1.1280240705853652 to float object to support serialization.
[2025-09-11 12:24:51,046] WARNING  {great_expectations.dataset.sqlalchemy_dataset:1437} - Having issue with stddev_samp on x6sense_account_profile_score__c, schema: reporting table: account
[2025-09-11 12:24:51,065] WARNING  {great_expectations.dataset.sqlalchemy_dataset:1437} - Having issue with stddev_samp on x6sense_account_intent_score__c, schema: reporting table: account
[2025-09-11 12:26:03,675] WARNING  {great_expectations.util:1524} - Using lossy conversion for decimal 108.7329974811083123 to float object to support serialization.
[2025-09-11 12:26:03,677] WARNING  {great_expectations.util:1524} - Using lossy conversion for decimal 46.9301891593858682 to float object to support serialization.
[2025-09-11 12:26:14,324] WARNING  {great_expectations.util:1524} - Using lossy conversion for decimal 647.1213373403456048 to float object to support serialization.
[2025-09-11 12:27:41,457] WARNING  {great_expectations.util:1524} - Using lossy conversion for decimal 148.5659789397146085 to float object to support serialization.
[2025-09-11 12:27:41,459] WARNING  {great_expectations.util:1524} - Using lossy conversion for decimal 0.03089574695349558386 to float object to support serialization.
[2025-09-11 12:27:43,008] WARNING  {great_expectations.util:1524} - Using lossy conversion for decimal 0.02448632693610814412 to float object to support serialization.
[2025-09-11 12:27:43,011] WARNING  {great_expectations.util:1524} - Using lossy conversion for decimal 2.5844212358572672 to float object to support serialization.
[2025-09-11 12:28:08,037] WARNING  {great_expectations.dataset.sqlalchemy_dataset:1437} - Having issue with stddev_samp on x6sense_account_intent_score__c, schema: reporting table: contact
[2025-09-11 12:29:17,324] WARNING  {great_expectations.dataset.sqlalchemy_dataset:1437} - Having issue with stddev_samp on visits_to_customer_portal_in_last_6_mo__c, schema: reporting table: account
[2025-09-11 12:29:17,326] WARNING  {great_expectations.util:1524} - Using lossy conversion for decimal 0.36730638918558844135 to float object to support serialization.
[2025-09-11 12:29:17,369] WARNING  {great_expectations.util:1524} - Using lossy conversion for decimal 0.11668206414148079715 to float object to support serialization.
[2025-09-11 12:29:17,629] WARNING  {great_expectations.util:1524} - Using lossy conversion for decimal 0.03293939289528994246 to float object to support serialization.
[2025-09-11 12:29:17,630] WARNING  {great_expectations.util:1524} - Using lossy conversion for decimal 22807.902745995423 to float object to support serialization.
[2025-09-11 12:29:17,668] WARNING  {great_expectations.util:1524} - Using lossy conversion for decimal 0.06383443016458211304 to float object to support serialization.
[2025-09-11 12:29:24,852] WARNING  {great_expectations.util:1524} - Using lossy conversion for decimal 20.6430585007341776 to float object to support serialization.
[2025-09-11 12:29:24,894] WARNING  {great_expectations.util:1524} - Using lossy conversion for decimal 3.4517423401312842 to float object to support serialization.
[2025-09-11 12:29:24,920] WARNING  {great_expectations.dataset.sqlalchemy_dataset:1437} - Having issue with stddev_samp on x6sense_account_profile_score__c, schema: reporting table: contact
[2025-09-11 12:29:26,551] WARNING  {great_expectations.dataset.sqlalchemy_dataset:1437} - Having issue with stddev_samp on x6sense_contact_profile_score__c, schema: reporting table: contact
[2025-09-11 12:31:11,103] WARNING  {great_expectations.util:1524} - Using lossy conversion for decimal 52039.224199943359 to float object to support serialization.
[2025-09-11 12:31:11,132] WARNING  {great_expectations.util:1524} - Using lossy conversion for decimal 23560.001636661211 to float object to support serialization.
[2025-09-11 12:31:11,140] WARNING  {great_expectations.util:1524} - Using lossy conversion for decimal 0.71139935145921676228 to float object to support serialization.
[2025-09-11 12:31:34,464] WARNING  {great_expectations.util:1524} - Using lossy conversion for decimal 1122.4402927798547872 to float object to support serialization.
[2025-09-11 12:33:06,990] WARNING  {great_expectations.util:1524} - Using lossy conversion for decimal 529118.151005294442 to float object to support serialization.
[2025-09-11 12:33:07,102] WARNING  {great_expectations.util:1524} - Using lossy conversion for decimal 2.6869138562822185 to float object to support serialization.
[2025-09-11 12:33:45,685] WARNING  {great_expectations.dataset.sqlalchemy_dataset:1437} - Having issue with stddev_samp on number_of_repo_product_download__c, schema: reporting table: contact
[2025-09-11 12:33:45,687] WARNING  {great_expectations.util:1524} - Using lossy conversion for decimal 0.32707840476853140366 to float object to support serialization.
[2025-09-11 12:33:45,688] WARNING  {great_expectations.util:1524} - Using lossy conversion for decimal 0.02803532392830842915 to float object to support serialization.
[2025-09-11 12:33:48,808] WARNING  {great_expectations.dataset.sqlalchemy_dataset:1437} - Having issue with stddev_samp on npu_goal_amount, schema: reporting table: opportunityclose
[2025-09-11 12:33:48,815] WARNING  {great_expectations.dataset.sqlalchemy_dataset:1437} - Having issue with stddev_samp on npu_goal_total, schema: reporting table: opportunityclose
[2025-09-11 12:33:49,306] WARNING  {great_expectations.util:1524} - Using lossy conversion for decimal 4.8674698795180723 to float object to support serialization.
[2025-09-11 12:34:56,426] WARNING  {great_expectations.util:1524} - Using lossy conversion for decimal 631.2752927400468384 to float object to support serialization.
[2025-09-11 12:35:26,881] WARNING  {great_expectations.util:1524} - Using lossy conversion for decimal 14.2058827844201570 to float object to support serialization.
[2025-09-11 12:35:26,908] WARNING  {great_expectations.dataset.sqlalchemy_dataset:1437} - Having issue with stddev_samp on cores_to_be_moved_to_biganimal__c, schema: reporting table: opportunityclose
[2025-09-11 12:35:40,724] WARNING  {great_expectations.util:1524} - Using lossy conversion for decimal 5.0502315639472747 to float object to support serialization.
[2025-09-11 12:35:43,463] WARNING  {great_expectations.util:1524} - Using lossy conversion for decimal 295.5637962128043282 to float object to support serialization.
[2025-09-11 12:37:03,555] WARNING  {great_expectations.util:1524} - Using lossy conversion for decimal 2.9359046021986212 to float object to support serialization.
[2025-09-11 12:37:06,608] WARNING  {great_expectations.dataset.sqlalchemy_dataset:1437} - Having issue with stddev_samp on downloads_onboarding__c, schema: reporting table: opportunityclose
[2025-09-11 12:37:06,629] WARNING  {great_expectations.util:1524} - Using lossy conversion for decimal 245.7073260190087389 to float object to support serialization.
[2025-09-11 12:37:06,666] WARNING  {great_expectations.util:1524} - Using lossy conversion for decimal 548.3196594427244582 to float object to support serialization.
[2025-09-11 12:37:07,039] WARNING  {great_expectations.dataset.sqlalchemy_dataset:1437} - Having issue with stddev_samp on non_biganimal_cores__c, schema: reporting table: opportunityclose
[2025-09-11 12:38:34,529] WARNING  {great_expectations.util:1524} - Using lossy conversion for decimal 249.8423038108510741 to float object to support serialization.
[2025-09-11 12:38:34,596] WARNING  {great_expectations.dataset.sqlalchemy_dataset:1437} - Having issue with stddev_samp on portal_visits_onboarding__c, schema: reporting table: opportunityclose
[2025-09-11 12:39:08,164] WARNING  {great_expectations.dataset.sqlalchemy_dataset:1437} - Having issue with stddev_samp on rev_score__c, schema: reporting table: account
[2025-09-11 12:39:55,031] WARNING  {great_expectations.util:1524} - Using lossy conversion for decimal 4.0994991331150067 to float object to support serialization.
[2025-09-11 12:39:57,888] INFO     {datahub.ingestion.source.ge_data_profiler:1425} - Finished profiling edb_admin.reporting.contact; took 2583.790 seconds
[2025-09-11 12:40:10,941] WARNING  {great_expectations.util:1524} - Using lossy conversion for decimal 0.65713867115962200571 to float object to support serialization.
[2025-09-11 12:40:11,493] WARNING  {great_expectations.util:1524} - Using lossy conversion for decimal 2.7915789473684211 to float object to support serialization.
[2025-09-11 12:40:47,529] WARNING  {great_expectations.util:1524} - Using lossy conversion for decimal 27.4397163120567376 to float object to support serialization.
[2025-09-11 12:40:47,603] WARNING  {great_expectations.util:1524} - Using lossy conversion for decimal 0.07357417724427086325 to float object to support serialization.
[2025-09-11 12:40:47,639] WARNING  {great_expectations.util:1524} - Using lossy conversion for decimal 22.4448742746615087 to float object to support serialization.
[2025-09-11 12:40:47,656] WARNING  {great_expectations.util:1524} - Using lossy conversion for decimal 47.0735551663747811 to float object to support serialization.
[2025-09-11 12:41:17,433] INFO     {datahub.ingestion.source.ge_data_profiler:1425} - Finished profiling edb_admin.reporting.account; took 2655.472 seconds
[2025-09-11 12:41:34,553] WARNING  {great_expectations.util:1524} - Using lossy conversion for decimal 0.23266004381884210210 to float object to support serialization.
[2025-09-11 12:41:34,623] WARNING  {great_expectations.util:1524} - Using lossy conversion for decimal 3.9256025199619076 to float object to support serialization.
[2025-09-11 12:41:34,624] WARNING  {great_expectations.util:1524} - Using lossy conversion for decimal 1074.2751944297406246 to float object to support serialization.
[2025-09-11 12:42:52,933] WARNING  {great_expectations.util:1524} - Using lossy conversion for decimal -28340.915443719504 to float object to support serialization.
[2025-09-11 12:42:55,145] WARNING  {great_expectations.util:1524} - Using lossy conversion for decimal 3.3514711809754131 to float object to support serialization.
[2025-09-11 12:42:55,168] WARNING  {great_expectations.util:1524} - Using lossy conversion for decimal 2.0716649694501018 to float object to support serialization.
[2025-09-11 12:42:55,757] WARNING  {great_expectations.util:1524} - Using lossy conversion for decimal 0.52337767029423619508 to float object to support serialization.
[2025-09-11 12:42:55,760] WARNING  {great_expectations.util:1524} - Using lossy conversion for decimal 0.37301082113303628262 to float object to support serialization.
[2025-09-11 12:43:55,461] WARNING  {great_expectations.util:1524} - Using lossy conversion for decimal 0.01212481560646656832 to float object to support serialization.
[2025-09-11 12:43:55,476] WARNING  {great_expectations.util:1524} - Using lossy conversion for decimal 42.2280991735537190 to float object to support serialization.
[2025-09-11 12:43:56,767] WARNING  {great_expectations.util:1524} - Using lossy conversion for decimal 0.01501060128419613021 to float object to support serialization.
[2025-09-11 12:43:57,782] WARNING  {great_expectations.util:1524} - Using lossy conversion for decimal 57.8532797368901882 to float object to support serialization.
[2025-09-11 12:43:57,852] WARNING  {great_expectations.util:1524} - Using lossy conversion for decimal 44.4504704576003740 to float object to support serialization.
[2025-09-11 12:44:10,727] WARNING  {great_expectations.util:1524} - Using lossy conversion for decimal 0.22712822841739792854 to float object to support serialization.
[2025-09-11 12:44:57,060] WARNING  {great_expectations.util:1524} - Using lossy conversion for decimal 38.8069469541614060 to float object to support serialization.
[2025-09-11 12:44:57,061] WARNING  {great_expectations.util:1524} - Using lossy conversion for decimal 137.2796295404153218 to float object to support serialization.
[2025-09-11 12:44:57,063] WARNING  {great_expectations.util:1524} - Using lossy conversion for decimal 1.0493179433368311 to float object to support serialization.
[2025-09-11 12:44:57,297] WARNING  {great_expectations.dataset.sqlalchemy_dataset:1437} - Having issue with stddev_samp on campaigns_to_mql__c, schema: reporting table: leads
[2025-09-11 12:45:28,847] WARNING  {great_expectations.dataset.sqlalchemy_dataset:1437} - Having issue with stddev_samp on potential_churn__c, schema: reporting table: opportunityclose
[2025-09-11 12:45:29,150] WARNING  {great_expectations.util:1524} - Using lossy conversion for decimal 637.3823120083210032 to float object to support serialization.
[2025-09-11 12:45:56,766] WARNING  {great_expectations.dataset.sqlalchemy_dataset:1437} - Having issue with stddev_samp on estimated_new_arr__c, schema: reporting table: leads
[2025-09-11 12:45:57,898] WARNING  {great_expectations.dataset.sqlalchemy_dataset:1437} - Having issue with stddev_samp on disqualification_counter__c, schema: reporting table: leads
[2025-09-11 12:47:05,065] WARNING  {great_expectations.dataset.sqlalchemy_dataset:1437} - Having issue with stddev_samp on total_renewal_arr_credit__c, schema: reporting table: opportunityclose
[2025-09-11 12:47:05,065] WARNING  {great_expectations.dataset.sqlalchemy_dataset:1437} - Having issue with stddev_samp on total_new_arr_credit__c, schema: reporting table: opportunityclose
[2025-09-11 12:47:05,368] WARNING  {great_expectations.util:1524} - Using lossy conversion for decimal 1554.9432032932421148 to float object to support serialization.
[2025-09-11 12:47:05,517] WARNING  {great_expectations.dataset.sqlalchemy_dataset:1437} - Having issue with stddev_samp on total_services_tcv_credit__c, schema: reporting table: opportunityclose
[2025-09-11 12:47:25,091] WARNING  {great_expectations.util:1524} - Using lossy conversion for decimal 119.6908011869436202 to float object to support serialization.
[2025-09-11 12:47:26,009] WARNING  {great_expectations.util:1524} - Using lossy conversion for decimal 40.5116487455197133 to float object to support serialization.
[2025-09-11 12:47:26,024] WARNING  {great_expectations.util:1524} - Using lossy conversion for decimal 46.5184518451845185 to float object to support serialization.
[2025-09-11 12:48:55,609] WARNING  {great_expectations.util:1524} - Using lossy conversion for decimal 859.6693928052213183 to float object to support serialization.
[2025-09-11 12:48:55,651] WARNING  {great_expectations.util:1524} - Using lossy conversion for decimal 2.2795092838196286 to float object to support serialization.
[2025-09-11 12:48:58,323] WARNING  {great_expectations.dataset.sqlalchemy_dataset:1437} - Having issue with stddev_samp on leandata__modified_score__c, schema: reporting table: leads
[2025-09-11 12:48:58,397] WARNING  {great_expectations.util:1524} - Using lossy conversion for decimal 1.5143798153267071 to float object to support serialization.
[2025-09-11 12:48:58,463] WARNING  {great_expectations.util:1524} - Using lossy conversion for decimal 4.0345323741007194 to float object to support serialization.
[2025-09-11 12:49:05,941] WARNING  {great_expectations.util:1524} - Using lossy conversion for decimal 47686.020662650602 to float object to support serialization.
[2025-09-11 12:49:46,053] WARNING  {great_expectations.dataset.sqlalchemy_dataset:1437} - Having issue with stddev_samp on no_of_days_delivered__c, schema: reporting table: opplineitem
[2025-09-11 12:49:47,632] WARNING  {great_expectations.dataset.sqlalchemy_dataset:1437} - Having issue with stddev_samp on no_of_seats_delivered__c, schema: reporting table: opplineitem
[2025-09-11 12:50:35,054] WARNING  {great_expectations.util:1524} - Using lossy conversion for decimal 3.9416498993963783 to float object to support serialization.
[2025-09-11 12:50:35,088] WARNING  {great_expectations.util:1524} - Using lossy conversion for decimal 2.8174872665534805 to float object to support serialization.
[2025-09-11 12:50:35,141] WARNING  {great_expectations.util:1524} - Using lossy conversion for decimal 0.04832794796974507330 to float object to support serialization.
[2025-09-11 12:50:35,167] WARNING  {great_expectations.dataset.sqlalchemy_dataset:1437} - Having issue with stddev_samp on number_of_repo_product_download__c, schema: reporting table: leads
[2025-09-11 12:51:08,962] WARNING  {great_expectations.util:1524} - Using lossy conversion for decimal 2.8724150664697194 to float object to support serialization.
[2025-09-11 12:51:09,065] WARNING  {great_expectations.util:1524} - Using lossy conversion for decimal 67045.110573987430 to float object to support serialization.
[2025-09-11 12:51:09,107] WARNING  {great_expectations.util:1524} - Using lossy conversion for decimal 19.9730189393939394 to float object to support serialization.
[2025-09-11 12:51:09,108] INFO     {datahub.ingestion.source.ge_data_profiler:1425} - Finished profiling edb_admin.reporting.opportunityclose; took 3254.851 seconds
[2025-09-11 12:52:12,087] WARNING  {great_expectations.util:1524} - Using lossy conversion for decimal 0.01655252627832895000 to float object to support serialization.
[2025-09-11 12:52:12,125] WARNING  {great_expectations.util:1524} - Using lossy conversion for decimal 402.6666497821902543 to float object to support serialization.
[2025-09-11 12:52:12,125] WARNING  {great_expectations.dataset.sqlalchemy_dataset:1437} - Having issue with stddev_samp on size_of_opportunity_no_of_cores__c, schema: reporting table: leads
[2025-09-11 12:53:58,819] WARNING  {great_expectations.util:1524} - Using lossy conversion for decimal 106.6326087797996654 to float object to support serialization.
[2025-09-11 12:55:56,013] WARNING  {great_expectations.util:1524} - Using lossy conversion for decimal 1.3827555945590171 to float object to support serialization.
[2025-09-11 12:56:18,966] INFO     {datahub.ingestion.source.ge_data_profiler:1425} - Finished profiling edb_admin.reporting.leads; took 3566.654 seconds
[2025-09-11 13:02:14,397] WARNING  {great_expectations.util:1524} - Using lossy conversion for decimal 2876.1010534774447621 to float object to support serialization.
[2025-09-11 13:02:54,715] WARNING  {great_expectations.util:1524} - Using lossy conversion for decimal 30.1944522825140165 to float object to support serialization.
[2025-09-11 13:02:54,739] WARNING  {great_expectations.util:1524} - Using lossy conversion for decimal 8298.0981182266009852 to float object to support serialization.
[2025-09-11 13:02:54,741] INFO     {datahub.ingestion.source.ge_data_profiler:1425} - Finished profiling edb_admin.reporting.opplineitem; took 3952.541 seconds
[2025-09-11 13:53:04,695] INFO     {datahub.ingestion.source.ge_data_profiler:1425} - Finished profiling edb_admin.reporting.contacthistory; took 6970.612 seconds
[2025-09-11 14:14:36,890] INFO     {datahub.ingestion.source.ge_data_profiler:1425} - Finished profiling edb_admin.reporting.task; took 8262.655 seconds
[2025-09-11 14:33:48,938] WARNING  {great_expectations.dataset.sqlalchemy_dataset:1437} - Having issue with stddev_samp on number_of_repo_product_download__c, schema: reporting table: campaignmember
[2025-09-11 14:33:51,162] WARNING  {great_expectations.dataset.sqlalchemy_dataset:1437} - Having issue with stddev_samp on x6sense_account_intent_score__c, schema: reporting table: campaignmember
[2025-09-11 14:37:02,915] WARNING  {great_expectations.util:1524} - Using lossy conversion for decimal 462.0370034463994196 to float object to support serialization.
[2025-09-11 14:37:03,007] WARNING  {great_expectations.dataset.sqlalchemy_dataset:1437} - Having issue with stddev_samp on days_since_last_activity__c, schema: reporting table: campaignmember
[2025-09-11 14:37:04,404] WARNING  {great_expectations.util:1524} - Using lossy conversion for decimal 14.9975288303130148 to float object to support serialization.
[2025-09-11 14:38:36,009] WARNING  {great_expectations.dataset.sqlalchemy_dataset:1437} - Having issue with stddev_samp on reconnect_counter__c, schema: reporting table: campaignmember
[2025-09-11 14:41:47,816] INFO     {datahub.ingestion.source.ge_data_profiler:1425} - Finished profiling edb_admin.reporting.campaignmember; took 9893.586 seconds
[2025-09-11 15:50:07,707] WARNING  {great_expectations.util:1524} - Using lossy conversion for decimal 3183760.092966567657 to float object to support serialization.
[2025-09-11 15:50:07,725] WARNING  {great_expectations.util:1524} - Using lossy conversion for decimal 28823624.093492084048 to float object to support serialization.
[2025-09-11 15:50:07,739] WARNING  {great_expectations.util:1524} - Using lossy conversion for decimal 231.2168366774922629 to float object to support serialization.
[2025-09-11 15:50:07,740] INFO     {datahub.ingestion.source.ge_data_profiler:1425} - Finished profiling edb_admin.reporting.repositories_apache_logs; took 13991.937 seconds
[2025-09-11 19:24:33,605] WARNING  {great_expectations.util:1524} - Using lossy conversion for decimal 142.0167211367734836 to float object to support serialization.
[2025-09-11 19:24:51,255] INFO     {datahub.ingestion.source.ge_data_profiler:1425} - Finished profiling edb_admin.reporting.contact_history; took 26880.180 seconds

Cli report:
{'cli_version': '1.2.0.6',
 'cli_entry_location': '/home/profiles/krishna.vishwakarma/.local/lib/python3.10/site-packages/datahub/ingestion/run/pipeline.py',
 'models_version': 'bundled',
 'py_version': '3.10.12 (main, Aug 15 2025, 14:32:43) [GCC 11.4.0]',
 'py_exec_path': '/usr/bin/python3',
 'os_details': 'Linux-6.8.0-1031-aws-x86_64-with-glibc2.35',
 'mem_info': '502.4 MB',
 'peak_memory_usage': '502.4 MB',
 'disk_info': {'total': '16.46 GB', 'used': '8.86 GB', 'used_initally': '8.87 GB', 'free': '7.58 GB'},
 'peak_disk_usage': '8.87 GB',
 'thread_count': 46,
 'peak_thread_count': 46}
Source (postgres) report:
{'profiling_skipped_not_updated': {},
 'profiling_skipped_size_limit': {},
 'profiling_skipped_row_limit': {},
 'profiling_skipped_table_profile_pattern': {},
 'profiling_skipped_other': {},
 'num_tables_not_eligible_profiling': {},
 'num_tables_fetch_sample_values_failed': 0,
 'num_tables_classification_attempted': 0,
 'num_tables_classification_failed': 0,
 'num_tables_classification_found': 0,
 'info_types_detected': {},
 'aspects': {'container': {'containerProperties': 3, 'status': 3, 'dataPlatformInstance': 3, 'subTypes': 3, 'browsePathsV2': 3, 'container': 2},
             'dataFlow': {'dataFlowInfo': 1, 'subTypes': 1, 'container': 1, 'browsePathsV2': 1},
             'dataJob': {'dataJobInfo': 1, 'subTypes': 1, 'container': 1, 'dataTransformLogic': 1, 'browsePathsV2': 1},
             'dataset': {'container': 74,
                         'status': 74,
                         'datasetProperties': 74,
                         'schemaMetadata': 74,
                         'subTypes': 74,
                         'browsePathsV2': 74,
                         'datasetProfile': 8,
                         'viewProperties': 8}},
 'aspects_by_subtypes_full_count': {'container': {'Database': {'containerProperties': 1,
                                                               'status': 1,
                                                               'dataPlatformInstance': 1,
                                                               'subTypes': 1,
                                                               'browsePathsV2': 1},
                                                  'Schema': {'container': 2,
                                                             'containerProperties': 2,
                                                             'status': 2,
                                                             'dataPlatformInstance': 2,
                                                             'subTypes': 2,
                                                             'browsePathsV2': 2}},
                                    'dataFlow': {'Procedures Container': {'dataFlowInfo': 1, 'subTypes': 1, 'container': 1, 'browsePathsV2': 1}},
                                    'dataJob': {'Stored Procedure': {'dataJobInfo': 1,
                                                                     'subTypes': 1,
                                                                     'container': 1,
                                                                     'dataTransformLogic': 1,
                                                                     'browsePathsV2': 1}},
                                    'dataset': {'Table': {'container': 66,
                                                          'status': 66,
                                                          'datasetProperties': 66,
                                                          'schemaMetadata': 66,
                                                          'subTypes': 66,
                                                          'browsePathsV2': 66,
                                                          'datasetProfile': 8},
                                                'View': {'container': 8,
                                                         'status': 8,
                                                         'datasetProperties': 8,
                                                         'schemaMetadata': 8,
                                                         'subTypes': 8,
                                                         'viewProperties': 8,
                                                         'browsePathsV2': 8}}},
 'samples': {'profiling': {'Table': ['urn:li:dataset:(urn:li:dataPlatform:postgres,edb_admin.reporting.opportunityclose_history,PROD)',
                                     'urn:li:dataset:(urn:li:dataPlatform:postgres,edb_admin.reporting.account_field_history,PROD)',
                                     'urn:li:dataset:(urn:li:dataPlatform:postgres,edb_admin.reporting.leadhistory,PROD)',
                                     'urn:li:dataset:(urn:li:dataPlatform:postgres,edb_admin.reporting.w_task,PROD)',
                                     'urn:li:dataset:(urn:li:dataPlatform:postgres,edb_admin.reporting.w_lead,PROD)',
                                     'urn:li:dataset:(urn:li:dataPlatform:postgres,edb_admin.reporting.sf_billto,PROD)',
                                     'urn:li:dataset:(urn:li:dataPlatform:postgres,edb_admin.reporting.w_user_portal,PROD)',
                                     'urn:li:dataset:(urn:li:dataPlatform:postgres,edb_admin.reporting.campaign,PROD)']}},
 'event_not_produced_warn': True,
 'events_produced': 338,
 'events_produced_per_sec': 0,
 'soft_deleted_stale_entities': [],
 'last_state_non_deletable_entities': [],
 'tables_scanned': 66,
 'views_scanned': 8,
 'entities_profiled': 66,
 'filtered': ['boomi_staging.*',
              'data_analytics.*',
              'data_analytics_base.*',
              'data_analytics_dash.*',
              'jira.*',
              'metronome.*',
              'model_staging.*',
              'rai.*',
              'rdba_metrics.*',
              'showpad.*',
              '... sampled of 32 total elements'],
 'num_view_definitions_parsed': 0,
 'num_view_definitions_view_urn_mismatch': 0,
 'num_view_definitions_failed_parsing': 0,
 'num_view_definitions_failed_column_parsing': 0,
 'view_definitions_parsing_failures': [],
 'sql_aggregator': {'num_observed_queries': 0,
                    'num_observed_queries_failed': 0,
                    'num_observed_queries_column_timeout': 0,
                    'num_observed_queries_column_failed': 0,
                    'observed_query_parse_failures': [],
                    'num_view_definitions': 8,
                    'num_views_failed': 0,
                    'num_views_column_timeout': 0,
                    'num_views_column_failed': 0,
                    'views_parse_failures': {},
                    'num_sql_parsed': 0,
                    'sql_parsing_timer': None,
                    'sql_fingerprinting_timer': None,
                    'sql_formatting_timer': None,
                    'sql_parsing_cache_stats': {'hits': 0, 'misses': 0, 'maxsize': 1000, 'currsize': 0},
                    'parse_statement_cache_stats': {'hits': 0, 'misses': 0, 'maxsize': 1000, 'currsize': 0},
                    'format_query_cache_stats': {'hits': 0, 'misses': 0, 'maxsize': 1000, 'currsize': 0},
                    'num_known_query_lineage': 0,
                    'num_preparsed_queries': 0,
                    'num_known_mapping_lineage': 0,
                    'num_table_renames': 0,
                    'num_table_swaps': 0,
                    'num_temp_sessions': 0,
                    'num_inferred_temp_schemas': 0,
                    'num_queries_with_temp_tables_in_session': 0,
                    'queries_with_temp_upstreams': {},
                    'queries_with_non_authoritative_session': [],
                    'make_schema_resolver_timer': None,
                    'schema_resolver_count': 74,
                    'num_unique_query_fingerprints': 0,
                    'num_urns_with_lineage': 0,
                    'num_lineage_skipped_due_to_filters': 0,
                    'num_table_lineage_trimmed_due_to_large_size': 0,
                    'num_column_lineage_trimmed_due_to_large_size': 0,
                    'num_queries_entities_generated': 0,
                    'num_queries_skipped_due_to_filters': 0,
                    'usage_skipped_missing_timestamp': 0,
                    'num_query_usage_stats_generated': 0,
                    'num_query_usage_stats_outside_window': 0,
                    'num_operations_generated': 0,
                    'num_operations_skipped_due_to_filters': 0,
                    'tool_meta_report': {'num_queries_meta_extracted': {}, 'failures': [], 'looker_user_mapping_missing': True}},
 'start_time': '2025-09-11 11:56:30.667803 (7 hours, 28 minutes and 20.6 seconds ago)',
 'running_time': '7 hours, 28 minutes and 20.59 seconds',
 'failures': [],
 'warnings': [{'title': 'Profiling: Unable to Calculate Medians',
               'message': 'The medians for the column will not be accessible',
               'context': ["edb_admin.reporting.product.numberofquantityinstallments <class 'IndexError'>: list index out of range",
                           "edb_admin.reporting.opportunityclose.cores_to_be_moved_to_biganimal__c <class 'IndexError'>: list index out of range"]}],
 'infos': []}

Aspects by Subtypes:
+----------------------+------------------------+----------------------+-----------------------------------+------------------------------+-------------------+------------------+
| Aspect               |   container (Database) |   container (Schema) |   dataFlow (Procedures Container) |   dataJob (Stored Procedure) |   dataset (Table) |   dataset (View) |
+======================+========================+======================+===================================+==============================+===================+==================+
| browsePathsV2        |                      1 |                    2 |                                 1 |                            1 |                66 |                8 |
+----------------------+------------------------+----------------------+-----------------------------------+------------------------------+-------------------+------------------+
| container            |                      0 |                    2 |                                 1 |                            1 |                66 |                8 |
+----------------------+------------------------+----------------------+-----------------------------------+------------------------------+-------------------+------------------+
| containerProperties  |                      1 |                    2 |                                 0 |                            0 |                 0 |                0 |
+----------------------+------------------------+----------------------+-----------------------------------+------------------------------+-------------------+------------------+
| dataFlowInfo         |                      0 |                    0 |                                 1 |                            0 |                 0 |                0 |
+----------------------+------------------------+----------------------+-----------------------------------+------------------------------+-------------------+------------------+
| dataJobInfo          |                      0 |                    0 |                                 0 |                            1 |                 0 |                0 |
+----------------------+------------------------+----------------------+-----------------------------------+------------------------------+-------------------+------------------+
| dataPlatformInstance |                      1 |                    2 |                                 0 |                            0 |                 0 |                0 |
+----------------------+------------------------+----------------------+-----------------------------------+------------------------------+-------------------+------------------+
| dataTransformLogic   |                      0 |                    0 |                                 0 |                            1 |                 0 |                0 |
+----------------------+------------------------+----------------------+-----------------------------------+------------------------------+-------------------+------------------+
| datasetProfile       |                      0 |                    0 |                                 0 |                            0 |                 8 |                0 |
+----------------------+------------------------+----------------------+-----------------------------------+------------------------------+-------------------+------------------+
| datasetProperties    |                      0 |                    0 |                                 0 |                            0 |                66 |                8 |
+----------------------+------------------------+----------------------+-----------------------------------+------------------------------+-------------------+------------------+
| schemaMetadata       |                      0 |                    0 |                                 0 |                            0 |                66 |                8 |
+----------------------+------------------------+----------------------+-----------------------------------+------------------------------+-------------------+------------------+
| status               |                      1 |                    2 |                                 0 |                            0 |                66 |                8 |
+----------------------+------------------------+----------------------+-----------------------------------+------------------------------+-------------------+------------------+
| subTypes             |                      1 |                    2 |                                 1 |                            1 |                66 |                8 |
+----------------------+------------------------+----------------------+-----------------------------------+------------------------------+-------------------+------------------+
| viewProperties       |                      0 |                    0 |                                 0 |                            0 |                 0 |                8 |
+----------------------+------------------------+----------------------+-----------------------------------+------------------------------+-------------------+------------------+
Sink (datahub-rest) report:
{'total_records_written': 338,
 'records_written_per_second': 0,
 'warnings': [],
 'failures': [],
 'start_time': '2025-09-11 11:56:29.448323 (7 hours, 28 minutes and 21.82 seconds ago)',
 'current_time': '2025-09-11 19:24:51.269689 (now)',
 'total_duration_in_seconds': 26901.82,
 'mode': 'ASYNC_BATCH',
 'endpoint': 'RESTLI',
 'max_threads': 15,
 'gms_version': 'v1.0.0rc3',
 'pending_requests': 0,
 'async_batches_prepared': 7,
 'async_batches_split': 0,
 'main_thread_blocking_timer': '0.012 seconds'}

⏳ Pipeline running with at least 1 warnings so far; produced 338 events in 7 hours, 28 minutes and 20.59 seconds.
[2025-09-11 22:25:26,058] WARNING  {great_expectations.util:1524} - Using lossy conversion for decimal 40.5398936170212766 to float object to support serialization.
[2025-09-11 22:27:02,803] WARNING  {great_expectations.util:1524} - Using lossy conversion for decimal 222.3771404612159329 to float object to support serialization.
[2025-09-11 22:27:02,901] WARNING  {great_expectations.util:1524} - Using lossy conversion for decimal 15.5446082234290147 to float object to support serialization.
[2025-09-11 22:32:51,287] INFO     {datahub.ingestion.source.ge_data_profiler:1425} - Finished profiling edb_admin.reporting.campaignmember_; took 38157.041 seconds
